AR datalinklayer behavior C:/_USER/school/digsyntheselabo/19decma/mod_met_rotary/19dec/xilinx/zender/datalinklayer.vhd sub00/vhpl23 1482173775
EN binair2sevenseg NULL C:/_USER/school/digsyntheselabo/19decma/mod_met_rotary/19dec/xilinx/zender/binair2sevenseg.vhd sub00/vhpl08 1482173770
EN pngenerator NULL C:/_USER/school/digsyntheselabo/19decma/mod_met_rotary/19dec/xilinx/zender/pngenerator.vhd sub00/vhpl00 1482173756
AR pngenerator behavior C:/_USER/school/digsyntheselabo/19decma/mod_met_rotary/19dec/xilinx/zender/pngenerator.vhd sub00/vhpl01 1482173757
AR counter_ce behavior C:/_USER/school/digsyntheselabo/19decma/mod_met_rotary/19dec/xilinx/zender/counter_ce.vhd sub00/vhpl15 1482173779
AR applicationlayer behavior C:/_USER/school/digsyntheselabo/19decma/mod_met_rotary/19dec/xilinx/zender/applicationlayer.vhd sub00/vhpl11 1482173773
EN dataregister NULL C:/_USER/school/digsyntheselabo/19decma/mod_met_rotary/19dec/xilinx/zender/dataregister.vhd sub00/vhpl24 1482173760
AR counter behavior C:/_USER/school/digsyntheselabo/19decma/mod_met_rotary/19dec/xilinx/zender/counter.vhd sub00/vhpl07 1482173769
EN accesslayer NULL C:/_USER/school/digsyntheselabo/19decma/mod_met_rotary/19dec/xilinx/zender/accesslayer.vhd sub00/vhpl12 1482173776
AR dataregister behavior C:/_USER/school/digsyntheselabo/19decma/mod_met_rotary/19dec/xilinx/zender/dataregister.vhd sub00/vhpl25 1482173761
EN spreadspectrumtx NULL C:/_USER/school/digsyntheselabo/19decma/mod_met_rotary/19dec/xilinx/zender/spreadspectrumtx.vhd sub00/vhpl18 1482173782
EN datalinklayer NULL C:/_USER/school/digsyntheselabo/19decma/mod_met_rotary/19dec/xilinx/zender/datalinklayer.vhd sub00/vhpl22 1482173774
AR accesslayer behavior C:/_USER/school/digsyntheselabo/19decma/mod_met_rotary/19dec/xilinx/zender/accesslayer.vhd sub00/vhpl13 1482173777
EN sequencecontroller NULL C:/_USER/school/digsyntheselabo/19decma/mod_met_rotary/19dec/xilinx/zender/sequencecontroller.vhd sub00/vhpl20 1482173758
EN counter NULL C:/_USER/school/digsyntheselabo/19decma/mod_met_rotary/19dec/xilinx/zender/counter.vhd sub00/vhpl06 1482173768
AR binair2sevenseg behavior C:/_USER/school/digsyntheselabo/19decma/mod_met_rotary/19dec/xilinx/zender/binair2sevenseg.vhd sub00/vhpl09 1482173771
AR zender behavior C:/_USER/school/digsyntheselabo/19decma/mod_met_rotary/19dec/xilinx/zender/zender.vhd sub00/vhpl17 1482173781
AR debouncer behav C:/_USER/school/digsyntheselabo/19decma/mod_met_rotary/19dec/xilinx/zender/debouncer.vhd sub00/vhpl03 1482173765
EN ped NULL C:/_USER/school/digsyntheselabo/19decma/mod_met_rotary/19dec/xilinx/zender/ped.vhd sub00/vhpl04 1482173766
EN counter_ce NULL C:/_USER/school/digsyntheselabo/19decma/mod_met_rotary/19dec/xilinx/zender/counter_ce.vhd sub00/vhpl14 1482173778
AR ped behavior C:/_USER/school/digsyntheselabo/19decma/mod_met_rotary/19dec/xilinx/zender/ped.vhd sub00/vhpl05 1482173767
EN debouncer NULL C:/_USER/school/digsyntheselabo/19decma/mod_met_rotary/19dec/xilinx/zender/debouncer.vhd sub00/vhpl02 1482173764
AR spreadspectrumtx behavior C:/_USER/school/digsyntheselabo/19decma/mod_met_rotary/19dec/xilinx/zender/spreadspectrumtx.vhd sub00/vhpl19 1482173783
EN zender NULL C:/_USER/school/digsyntheselabo/19decma/mod_met_rotary/19dec/xilinx/zender/zender.vhd sub00/vhpl16 1482173780
AR rotary_enc behavior C:/_USER/school/digsyntheselabo/19decma/mod_met_rotary/19dec/xilinx/zender/rotary_enc.vhd sub00/vhpl27 1482173763
EN rotary_enc NULL C:/_USER/school/digsyntheselabo/19decma/mod_met_rotary/19dec/xilinx/zender/rotary_enc.vhd sub00/vhpl26 1482173762
AR sequencecontroller behavior C:/_USER/school/digsyntheselabo/19decma/mod_met_rotary/19dec/xilinx/zender/sequencecontroller.vhd sub00/vhpl21 1482173759
EN applicationlayer NULL C:/_USER/school/digsyntheselabo/19decma/mod_met_rotary/19dec/xilinx/zender/applicationlayer.vhd sub00/vhpl10 1482173772
