V3 55
FL C:/_USER/school/digsyntheselabo/19decma/mod_met_rotary/19dec/xilinx/zender/ped.vhd 2016/11/15.07:21:04 I.31
EN work/ped 1482173766 \
      FL C:/_USER/school/digsyntheselabo/19decma/mod_met_rotary/19dec/xilinx/zender/ped.vhd \
      PB ieee/std_logic_1164 1147274808 PB ieee/std_logic_arith 1147274810 \
      PB ieee/STD_LOGIC_UNSIGNED 1147274814
AR work/ped/behavior 1482173767 \
      FL C:/_USER/school/digsyntheselabo/19decma/mod_met_rotary/19dec/xilinx/zender/ped.vhd \
      EN work/ped 1482173766
FL C:/_USER/school/digsyntheselabo/19decma/mod_met_rotary/19dec/xilinx/zender/debouncer.vhd 2016/12/13.09:53:52 I.31
EN work/debouncer 1482173764 \
      FL C:/_USER/school/digsyntheselabo/19decma/mod_met_rotary/19dec/xilinx/zender/debouncer.vhd \
      PB ieee/std_logic_1164 1147274808 PB ieee/std_logic_arith 1147274810 \
      PB ieee/STD_LOGIC_UNSIGNED 1147274814
AR work/debouncer/behav 1482173765 \
      FL C:/_USER/school/digsyntheselabo/19decma/mod_met_rotary/19dec/xilinx/zender/debouncer.vhd \
      EN work/debouncer 1482173764
FL C:/_USER/school/digsyntheselabo/19decma/mod_met_rotary/19dec/xilinx/zender/accesslayer.vhd 2016/12/13.10:05:14 I.31
EN work/accesslayer 1482173776 \
      FL C:/_USER/school/digsyntheselabo/19decma/mod_met_rotary/19dec/xilinx/zender/accesslayer.vhd \
      PB ieee/std_logic_1164 1147274808 PH ieee/NUMERIC_STD 1147274819 \
      PB ieee/STD_LOGIC_UNSIGNED 1147274814
AR work/accesslayer/behavior 1482173777 \
      FL C:/_USER/school/digsyntheselabo/19decma/mod_met_rotary/19dec/xilinx/zender/accesslayer.vhd \
      EN work/accesslayer 1482173776 CP pngenerator
FL C:/_USER/school/digsyntheselabo/19decma/mod_met_rotary/19dec/xilinx/zender/binair2sevenseg.vhd 2016/11/21.21:08:28 I.31
EN work/binair2sevenseg 1482173770 \
      FL C:/_USER/school/digsyntheselabo/19decma/mod_met_rotary/19dec/xilinx/zender/binair2sevenseg.vhd \
      PB ieee/std_logic_1164 1147274808 PH ieee/NUMERIC_STD 1147274819 \
      PB ieee/STD_LOGIC_UNSIGNED 1147274814
AR work/binair2sevenseg/behavior 1482173771 \
      FL C:/_USER/school/digsyntheselabo/19decma/mod_met_rotary/19dec/xilinx/zender/binair2sevenseg.vhd \
      EN work/binair2sevenseg 1482173770
FL C:/_USER/school/digsyntheselabo/19decma/mod_met_rotary/19dec/xilinx/zender/applicationlayer.vhd 2016/12/19.19:54:44 I.31
EN work/applicationlayer 1482173772 \
      FL C:/_USER/school/digsyntheselabo/19decma/mod_met_rotary/19dec/xilinx/zender/applicationlayer.vhd \
      PB ieee/std_logic_1164 1147274808 PH ieee/NUMERIC_STD 1147274819 \
      PB ieee/STD_LOGIC_UNSIGNED 1147274814
AR work/applicationlayer/behavior 1482173773 \
      FL C:/_USER/school/digsyntheselabo/19decma/mod_met_rotary/19dec/xilinx/zender/applicationlayer.vhd \
      EN work/applicationlayer 1482173772 CP rotary_enc CP debouncer CP ped \
      CP counter        CP binair2sevenseg
FL C:/_USER/school/digsyntheselabo/19decma/mod_met_rotary/19dec/xilinx/zender/datalinklayer.vhd 2016/12/06.01:38:02 I.31
EN work/datalinklayer 1482173774 \
      FL C:/_USER/school/digsyntheselabo/19decma/mod_met_rotary/19dec/xilinx/zender/datalinklayer.vhd \
      PB ieee/std_logic_1164 1147274808 PH ieee/NUMERIC_STD 1147274819 \
      PB ieee/STD_LOGIC_UNSIGNED 1147274814
AR work/datalinklayer/behavior 1482173775 \
      FL C:/_USER/school/digsyntheselabo/19decma/mod_met_rotary/19dec/xilinx/zender/datalinklayer.vhd \
      EN work/datalinklayer 1482173774 CP sequencecontroller CP dataregister
FL C:/_USER/school/digsyntheselabo/19decma/mod_met_rotary/19dec/xilinx/zender/rotary_enc.vhd 2016/12/19.15:55:10 I.31
EN work/rotary_enc 1482173762 \
      FL C:/_USER/school/digsyntheselabo/19decma/mod_met_rotary/19dec/xilinx/zender/rotary_enc.vhd \
      PB ieee/std_logic_1164 1147274808
AR work/rotary_enc/behavior 1482173763 \
      FL C:/_USER/school/digsyntheselabo/19decma/mod_met_rotary/19dec/xilinx/zender/rotary_enc.vhd \
      EN work/rotary_enc 1482173762
FL C:/_USER/school/digsyntheselabo/19decma/mod_met_rotary/19dec/xilinx/zender/dataregister.vhd 2016/11/22.13:20:20 I.31
EN work/dataregister 1482173760 \
      FL C:/_USER/school/digsyntheselabo/19decma/mod_met_rotary/19dec/xilinx/zender/dataregister.vhd \
      PB ieee/std_logic_1164 1147274808 PH ieee/NUMERIC_STD 1147274819 \
      PB ieee/STD_LOGIC_UNSIGNED 1147274814
AR work/dataregister/behavior 1482173761 \
      FL C:/_USER/school/digsyntheselabo/19decma/mod_met_rotary/19dec/xilinx/zender/dataregister.vhd \
      EN work/dataregister 1482173760
FL C:/_USER/school/digsyntheselabo/19decma/mod_met_rotary/19dec/xilinx/zender/pngenerator.vhd 2016/12/06.08:55:52 I.31
EN work/pngenerator 1482173756 \
      FL C:/_USER/school/digsyntheselabo/19decma/mod_met_rotary/19dec/xilinx/zender/pngenerator.vhd \
      PB ieee/std_logic_1164 1147274808 PH ieee/NUMERIC_STD 1147274819 \
      PB ieee/STD_LOGIC_UNSIGNED 1147274814
AR work/pngenerator/behavior 1482173757 \
      FL C:/_USER/school/digsyntheselabo/19decma/mod_met_rotary/19dec/xilinx/zender/pngenerator.vhd \
      EN work/pngenerator 1482173756
FL C:/_USER/school/digsyntheselabo/19decma/mod_met_rotary/19dec/xilinx/zender/counter.vhd 2016/12/19.15:32:40 I.31
EN work/counter 1482173768 \
      FL C:/_USER/school/digsyntheselabo/19decma/mod_met_rotary/19dec/xilinx/zender/counter.vhd \
      PB ieee/std_logic_1164 1147274808 PH ieee/NUMERIC_STD 1147274819 \
      PB ieee/STD_LOGIC_UNSIGNED 1147274814
AR work/counter/behavior 1482173769 \
      FL C:/_USER/school/digsyntheselabo/19decma/mod_met_rotary/19dec/xilinx/zender/counter.vhd \
      EN work/counter 1482173768
FL C:/_USER/school/digsyntheselabo/19decma/mod_met_rotary/19dec/xilinx/zender/zender.vhd 2016/12/19.15:41:34 I.31
EN work/zender 1482173780 \
      FL C:/_USER/school/digsyntheselabo/19decma/mod_met_rotary/19dec/xilinx/zender/zender.vhd \
      PB ieee/std_logic_1164 1147274808 PH ieee/NUMERIC_STD 1147274819 \
      PB ieee/STD_LOGIC_UNSIGNED 1147274814
AR work/zender/behavior 1482173781 \
      FL C:/_USER/school/digsyntheselabo/19decma/mod_met_rotary/19dec/xilinx/zender/zender.vhd \
      EN work/zender 1482173780 CP applicationlayer CP datalinklayer \
      CP accesslayer
FL C:/_USER/school/digsyntheselabo/19decma/mod_met_rotary/19dec/xilinx/zender/counter_ce.vhd 2016/12/19.12:29:24 I.31
EN work/counter_ce 1482173778 \
      FL C:/_USER/school/digsyntheselabo/19decma/mod_met_rotary/19dec/xilinx/zender/counter_ce.vhd \
      PB ieee/std_logic_1164 1147274808 PH ieee/NUMERIC_STD 1147274819 \
      PB ieee/STD_LOGIC_UNSIGNED 1147274814
AR work/counter_ce/behavior 1482173779 \
      FL C:/_USER/school/digsyntheselabo/19decma/mod_met_rotary/19dec/xilinx/zender/counter_ce.vhd \
      EN work/counter_ce 1482173778
FL C:/_USER/school/digsyntheselabo/19decma/mod_met_rotary/19dec/xilinx/zender/sequencecontroller.vhd 2016/12/14.09:56:28 I.31
EN work/sequencecontroller 1482173758 \
      FL C:/_USER/school/digsyntheselabo/19decma/mod_met_rotary/19dec/xilinx/zender/sequencecontroller.vhd \
      PB ieee/std_logic_1164 1147274808 PH ieee/NUMERIC_STD 1147274819 \
      PB ieee/STD_LOGIC_UNSIGNED 1147274814
AR work/sequencecontroller/behavior 1482173759 \
      FL C:/_USER/school/digsyntheselabo/19decma/mod_met_rotary/19dec/xilinx/zender/sequencecontroller.vhd \
      EN work/sequencecontroller 1482173758
FL C:/_USER/school/digsyntheselabo/19decma/mod_met_rotary/19dec/xilinx/zender/spreadspectrumtx.vhd 2016/12/19.19:55:37 I.31
EN work/spreadspectrumtx 1482173782 \
      FL C:/_USER/school/digsyntheselabo/19decma/mod_met_rotary/19dec/xilinx/zender/spreadspectrumtx.vhd \
      PB ieee/std_logic_1164 1147274808 PH ieee/NUMERIC_STD 1147274819 \
      PB ieee/STD_LOGIC_UNSIGNED 1147274814
AR work/spreadspectrumtx/behavior 1482173783 \
      FL C:/_USER/school/digsyntheselabo/19decma/mod_met_rotary/19dec/xilinx/zender/spreadspectrumtx.vhd \
      EN work/spreadspectrumtx 1482173782 CP counter_ce CP zender
