EN binair2sevenseg NULL C:/_USER/school/digsyntheselabo/19decma/mod_met_rotary/19dec/xilinx/ontvanger/binair2sevenseg.vhd sub00/vhpl28 1482173903
EN correlator NULL C:/_USER/school/digsyntheselabo/19decma/mod_met_rotary/19dec/xilinx/ontvanger/correlator.vhd sub00/vhpl14 1482173917
AR counter_ce behavior C:/_USER/school/digsyntheselabo/19decma/mod_met_rotary/19dec/xilinx/ontvanger/counter_ce.vhd sub00/vhpl23 1482173926
EN data_latch NULL C:/_USER/school/digsyntheselabo/19decma/mod_met_rotary/19dec/xilinx/ontvanger/data_latch.vhd sub00/vhpl02 1482173905
AR correlator behavior C:/_USER/school/digsyntheselabo/19decma/mod_met_rotary/19dec/xilinx/ontvanger/correlator.vhd sub00/vhpl15 1482173918
AR matched_filter behavior C:/_USER/school/digsyntheselabo/19decma/mod_met_rotary/19dec/xilinx/ontvanger/matched_filter.vhd sub00/vhpl09 1482173912
EN spreadspectrumrx NULL C:/_USER/school/digsyntheselabo/19decma/mod_met_rotary/19dec/xilinx/ontvanger/spreadspectrumrx.vhd sub00/vhpl26 1482173929
AR ontvanger behavior C:/_USER/school/digsyntheselabo/19decma/mod_met_rotary/19dec/xilinx/ontvanger/ontvanger.vhd sub00/vhpl25 1482173928
EN ontvanger_dataregister NULL C:/_USER/school/digsyntheselabo/19decma/mod_met_rotary/19dec/xilinx/ontvanger/ontvanger_dataregister.vhd sub00/vhpl04 1482173907
AR ontvanger_accesslayer behavior C:/_USER/school/digsyntheselabo/19decma/mod_met_rotary/19dec/xilinx/ontvanger/ontvanger_accesslayer.vhd sub00/vhpl17 1482173920
EN pngeneratornco NULL C:/_USER/school/digsyntheselabo/19decma/mod_met_rotary/19dec/xilinx/ontvanger/pngeneratornco.vhd sub00/vhpl10 1482173913
AR ontvanger_dataregister behavior C:/_USER/school/digsyntheselabo/19decma/mod_met_rotary/19dec/xilinx/ontvanger/ontvanger_dataregister.vhd sub00/vhpl05 1482173908
AR ontvanger_datalinklayer behavior C:/_USER/school/digsyntheselabo/19decma/mod_met_rotary/19dec/xilinx/ontvanger/ontvanger_datalinklayer.vhd sub00/vhpl19 1482173922
EN matched_filter NULL C:/_USER/school/digsyntheselabo/19decma/mod_met_rotary/19dec/xilinx/ontvanger/matched_filter.vhd sub00/vhpl08 1482173911
EN ontvanger_datalinklayer NULL C:/_USER/school/digsyntheselabo/19decma/mod_met_rotary/19dec/xilinx/ontvanger/ontvanger_datalinklayer.vhd sub00/vhpl18 1482173921
EN ontvanger_accesslayer NULL C:/_USER/school/digsyntheselabo/19decma/mod_met_rotary/19dec/xilinx/ontvanger/ontvanger_accesslayer.vhd sub00/vhpl16 1482173919
EN ontvanger_applicationlayer NULL C:/_USER/school/digsyntheselabo/19decma/mod_met_rotary/19dec/xilinx/ontvanger/ontvanger_applicationlayer.vhd sub00/vhpl20 1482173923
AR binair2sevenseg behavior C:/_USER/school/digsyntheselabo/19decma/mod_met_rotary/19dec/xilinx/ontvanger/binair2sevenseg.vhd sub00/vhpl29 1482173904
AR despread behavior C:/_USER/school/digsyntheselabo/19decma/mod_met_rotary/19dec/xilinx/ontvanger/despread.vhd sub00/vhpl13 1482173916
AR spreadspectrumrx behavior C:/_USER/school/digsyntheselabo/19decma/mod_met_rotary/19dec/xilinx/ontvanger/spreadspectrumrx.vhd sub00/vhpl27 1482173930
EN dpll NULL C:/_USER/school/digsyntheselabo/19decma/mod_met_rotary/19dec/xilinx/ontvanger/dpll.vhd sub00/vhpl06 1482173909
EN ped NULL C:/_USER/school/digsyntheselabo/19decma/mod_met_rotary/19dec/xilinx/ontvanger/ped.vhd sub00/vhpl00 1482173901
AR ontvanger_applicationlayer behavior C:/_USER/school/digsyntheselabo/19decma/mod_met_rotary/19dec/xilinx/ontvanger/ontvanger_applicationlayer.vhd sub00/vhpl21 1482173924
EN counter_ce NULL C:/_USER/school/digsyntheselabo/19decma/mod_met_rotary/19dec/xilinx/ontvanger/counter_ce.vhd sub00/vhpl22 1482173925
EN despread NULL C:/_USER/school/digsyntheselabo/19decma/mod_met_rotary/19dec/xilinx/ontvanger/despread.vhd sub00/vhpl12 1482173915
AR data_latch behavior C:/_USER/school/digsyntheselabo/19decma/mod_met_rotary/19dec/xilinx/ontvanger/data_latch.vhd sub00/vhpl03 1482173906
AR ped behavior C:/_USER/school/digsyntheselabo/19decma/mod_met_rotary/19dec/xilinx/ontvanger/ped.vhd sub00/vhpl01 1482173902
AR dpll behavior C:/_USER/school/digsyntheselabo/19decma/mod_met_rotary/19dec/xilinx/ontvanger/dpll.vhd sub00/vhpl07 1482173910
EN ontvanger NULL C:/_USER/school/digsyntheselabo/19decma/mod_met_rotary/19dec/xilinx/ontvanger/ontvanger.vhd sub00/vhpl24 1482173927
AR pngeneratornco behavior C:/_USER/school/digsyntheselabo/19decma/mod_met_rotary/19dec/xilinx/ontvanger/pngeneratornco.vhd sub00/vhpl11 1482173914
