V3 59
FL C:/_USER/school/digsyntheselabo/19decma/mod_met_rotary/19dec/xilinx/ontvanger/counter_ce.vhd 2016/12/19.12:11:52 I.31
EN work/counter_ce 1482173925 \
      FL C:/_USER/school/digsyntheselabo/19decma/mod_met_rotary/19dec/xilinx/ontvanger/counter_ce.vhd \
      PB ieee/std_logic_1164 1147274808 PH ieee/NUMERIC_STD 1147274819 \
      PB ieee/STD_LOGIC_UNSIGNED 1147274814
AR work/counter_ce/behavior 1482173926 \
      FL C:/_USER/school/digsyntheselabo/19decma/mod_met_rotary/19dec/xilinx/ontvanger/counter_ce.vhd \
      EN work/counter_ce 1482173925
FL C:/_USER/school/digsyntheselabo/19decma/mod_met_rotary/19dec/xilinx/ontvanger/ontvanger_dataregister.vhd 2016/11/29.14:01:48 I.31
EN work/ontvanger_dataregister 1482173907 \
      FL C:/_USER/school/digsyntheselabo/19decma/mod_met_rotary/19dec/xilinx/ontvanger/ontvanger_dataregister.vhd \
      PB ieee/std_logic_1164 1147274808 PH ieee/NUMERIC_STD 1147274819 \
      PB ieee/STD_LOGIC_UNSIGNED 1147274814
AR work/ontvanger_dataregister/behavior 1482173908 \
      FL C:/_USER/school/digsyntheselabo/19decma/mod_met_rotary/19dec/xilinx/ontvanger/ontvanger_dataregister.vhd \
      EN work/ontvanger_dataregister 1482173907
FL C:/_USER/school/digsyntheselabo/19decma/mod_met_rotary/19dec/xilinx/ontvanger/spreadspectrumrx.vhd 2016/12/19.12:37:38 I.31
EN work/spreadspectrumrx 1482173929 \
      FL C:/_USER/school/digsyntheselabo/19decma/mod_met_rotary/19dec/xilinx/ontvanger/spreadspectrumrx.vhd \
      PB ieee/std_logic_1164 1147274808 PH ieee/NUMERIC_STD 1147274819 \
      PB ieee/STD_LOGIC_UNSIGNED 1147274814
AR work/spreadspectrumrx/behavior 1482173930 \
      FL C:/_USER/school/digsyntheselabo/19decma/mod_met_rotary/19dec/xilinx/ontvanger/spreadspectrumrx.vhd \
      EN work/spreadspectrumrx 1482173929 CP counter_ce CP ontvanger
FL C:/_USER/school/digsyntheselabo/19decma/mod_met_rotary/19dec/xilinx/ontvanger/despread.vhd 2016/12/06.10:21:24 I.31
EN work/despread 1482173915 \
      FL C:/_USER/school/digsyntheselabo/19decma/mod_met_rotary/19dec/xilinx/ontvanger/despread.vhd \
      PB ieee/std_logic_1164 1147274808 PH ieee/NUMERIC_STD 1147274819 \
      PB ieee/STD_LOGIC_UNSIGNED 1147274814
AR work/despread/behavior 1482173916 \
      FL C:/_USER/school/digsyntheselabo/19decma/mod_met_rotary/19dec/xilinx/ontvanger/despread.vhd \
      EN work/despread 1482173915
FL C:/_USER/school/digsyntheselabo/19decma/mod_met_rotary/19dec/xilinx/ontvanger/binair2sevenseg.vhd 2016/11/21.21:08:28 I.31
EN work/binair2sevenseg 1482173903 \
      FL C:/_USER/school/digsyntheselabo/19decma/mod_met_rotary/19dec/xilinx/ontvanger/binair2sevenseg.vhd \
      PB ieee/std_logic_1164 1147274808 PH ieee/NUMERIC_STD 1147274819 \
      PB ieee/STD_LOGIC_UNSIGNED 1147274814
AR work/binair2sevenseg/behavior 1482173904 \
      FL C:/_USER/school/digsyntheselabo/19decma/mod_met_rotary/19dec/xilinx/ontvanger/binair2sevenseg.vhd \
      EN work/binair2sevenseg 1482173903
FL C:/_USER/school/digsyntheselabo/19decma/mod_met_rotary/19dec/xilinx/ontvanger/pngeneratornco.vhd 2016/12/06.09:52:46 I.31
EN work/pngeneratornco 1482173913 \
      FL C:/_USER/school/digsyntheselabo/19decma/mod_met_rotary/19dec/xilinx/ontvanger/pngeneratornco.vhd \
      PB ieee/std_logic_1164 1147274808 PH ieee/NUMERIC_STD 1147274819 \
      PB ieee/STD_LOGIC_UNSIGNED 1147274814
AR work/pngeneratornco/behavior 1482173914 \
      FL C:/_USER/school/digsyntheselabo/19decma/mod_met_rotary/19dec/xilinx/ontvanger/pngeneratornco.vhd \
      EN work/pngeneratornco 1482173913 CP ped
FL C:/_USER/school/digsyntheselabo/19decma/mod_met_rotary/19dec/xilinx/ontvanger/matched_filter.vhd 2016/12/12.03:27:52 I.31
EN work/matched_filter 1482173911 \
      FL C:/_USER/school/digsyntheselabo/19decma/mod_met_rotary/19dec/xilinx/ontvanger/matched_filter.vhd \
      PB ieee/std_logic_1164 1147274808 PH ieee/NUMERIC_STD 1147274819 \
      PB ieee/STD_LOGIC_UNSIGNED 1147274814
AR work/matched_filter/behavior 1482173912 \
      FL C:/_USER/school/digsyntheselabo/19decma/mod_met_rotary/19dec/xilinx/ontvanger/matched_filter.vhd \
      EN work/matched_filter 1482173911
FL C:/_USER/school/digsyntheselabo/19decma/mod_met_rotary/19dec/xilinx/ontvanger/ontvanger_accesslayer.vhd 2016/12/14.09:36:00 I.31
EN work/ontvanger_accesslayer 1482173919 \
      FL C:/_USER/school/digsyntheselabo/19decma/mod_met_rotary/19dec/xilinx/ontvanger/ontvanger_accesslayer.vhd \
      PB ieee/std_logic_1164 1147274808 PH ieee/NUMERIC_STD 1147274819 \
      PB ieee/STD_LOGIC_UNSIGNED 1147274814
AR work/ontvanger_accesslayer/behavior 1482173920 \
      FL C:/_USER/school/digsyntheselabo/19decma/mod_met_rotary/19dec/xilinx/ontvanger/ontvanger_accesslayer.vhd \
      EN work/ontvanger_accesslayer 1482173919 CP dpll CP matched_filter \
      CP pngeneratornco CP despread       CP correlator
FL C:/_USER/school/digsyntheselabo/19decma/mod_met_rotary/19dec/xilinx/ontvanger/ped.vhd 2016/11/15.07:21:04 I.31
EN work/ped 1482173901 \
      FL C:/_USER/school/digsyntheselabo/19decma/mod_met_rotary/19dec/xilinx/ontvanger/ped.vhd \
      PB ieee/std_logic_1164 1147274808 PB ieee/std_logic_arith 1147274810 \
      PB ieee/STD_LOGIC_UNSIGNED 1147274814
AR work/ped/behavior 1482173902 \
      FL C:/_USER/school/digsyntheselabo/19decma/mod_met_rotary/19dec/xilinx/ontvanger/ped.vhd \
      EN work/ped 1482173901
FL C:/_USER/school/digsyntheselabo/19decma/mod_met_rotary/19dec/xilinx/ontvanger/ontvanger.vhd 2016/12/06.11:48:12 I.31
EN work/ontvanger 1482173927 \
      FL C:/_USER/school/digsyntheselabo/19decma/mod_met_rotary/19dec/xilinx/ontvanger/ontvanger.vhd \
      PB ieee/std_logic_1164 1147274808 PH ieee/NUMERIC_STD 1147274819 \
      PB ieee/STD_LOGIC_UNSIGNED 1147274814
AR work/ontvanger/behavior 1482173928 \
      FL C:/_USER/school/digsyntheselabo/19decma/mod_met_rotary/19dec/xilinx/ontvanger/ontvanger.vhd \
      EN work/ontvanger 1482173927 CP ontvanger_accesslayer \
      CP ontvanger_datalinklayer CP ontvanger_applicationlayer
FL C:/_USER/school/digsyntheselabo/19decma/mod_met_rotary/19dec/xilinx/ontvanger/data_latch.vhd 2016/12/13.10:43:48 I.31
EN work/data_latch 1482173905 \
      FL C:/_USER/school/digsyntheselabo/19decma/mod_met_rotary/19dec/xilinx/ontvanger/data_latch.vhd \
      PB ieee/std_logic_1164 1147274808 PH ieee/NUMERIC_STD 1147274819 \
      PB ieee/STD_LOGIC_UNSIGNED 1147274814
AR work/data_latch/behavior 1482173906 \
      FL C:/_USER/school/digsyntheselabo/19decma/mod_met_rotary/19dec/xilinx/ontvanger/data_latch.vhd \
      EN work/data_latch 1482173905
FL C:/_USER/school/digsyntheselabo/19decma/mod_met_rotary/19dec/xilinx/ontvanger/ontvanger_applicationlayer.vhd 2016/11/29.13:24:58 I.31
EN work/ontvanger_applicationlayer 1482173923 \
      FL C:/_USER/school/digsyntheselabo/19decma/mod_met_rotary/19dec/xilinx/ontvanger/ontvanger_applicationlayer.vhd \
      PB ieee/std_logic_1164 1147274808 PH ieee/NUMERIC_STD 1147274819 \
      PB ieee/STD_LOGIC_UNSIGNED 1147274814
AR work/ontvanger_applicationlayer/behavior 1482173924 \
      FL C:/_USER/school/digsyntheselabo/19decma/mod_met_rotary/19dec/xilinx/ontvanger/ontvanger_applicationlayer.vhd \
      EN work/ontvanger_applicationlayer 1482173923 CP binair2sevenseg \
      CP data_latch
FL C:/_USER/school/digsyntheselabo/19decma/mod_met_rotary/19dec/xilinx/ontvanger/correlator.vhd 2016/12/14.01:42:56 I.31
EN work/correlator 1482173917 \
      FL C:/_USER/school/digsyntheselabo/19decma/mod_met_rotary/19dec/xilinx/ontvanger/correlator.vhd \
      PB ieee/std_logic_1164 1147274808 PH ieee/NUMERIC_STD 1147274819 \
      PB ieee/STD_LOGIC_UNSIGNED 1147274814
AR work/correlator/behavior 1482173918 \
      FL C:/_USER/school/digsyntheselabo/19decma/mod_met_rotary/19dec/xilinx/ontvanger/correlator.vhd \
      EN work/correlator 1482173917
FL C:/_USER/school/digsyntheselabo/19decma/mod_met_rotary/19dec/xilinx/ontvanger/ontvanger_datalinklayer.vhd 2016/11/29.14:02:10 I.31
EN work/ontvanger_datalinklayer 1482173921 \
      FL C:/_USER/school/digsyntheselabo/19decma/mod_met_rotary/19dec/xilinx/ontvanger/ontvanger_datalinklayer.vhd \
      PB ieee/std_logic_1164 1147274808 PH ieee/NUMERIC_STD 1147274819 \
      PB ieee/STD_LOGIC_UNSIGNED 1147274814
AR work/ontvanger_datalinklayer/behavior 1482173922 \
      FL C:/_USER/school/digsyntheselabo/19decma/mod_met_rotary/19dec/xilinx/ontvanger/ontvanger_datalinklayer.vhd \
      EN work/ontvanger_datalinklayer 1482173921 CP ontvanger_dataregister
FL C:/_USER/school/digsyntheselabo/19decma/mod_met_rotary/19dec/xilinx/ontvanger/dpll.vhd 2016/11/28.23:56:38 I.31
EN work/dpll 1482173909 \
      FL C:/_USER/school/digsyntheselabo/19decma/mod_met_rotary/19dec/xilinx/ontvanger/dpll.vhd \
      PB ieee/std_logic_1164 1147274808 PH ieee/NUMERIC_STD 1147274819 \
      PB ieee/STD_LOGIC_UNSIGNED 1147274814
AR work/dpll/behavior 1482173910 \
      FL C:/_USER/school/digsyntheselabo/19decma/mod_met_rotary/19dec/xilinx/ontvanger/dpll.vhd \
      EN work/dpll 1482173909
